// Jest Snapshot v1, https://goo.gl/fbAQLP

exports[`ThemeContext renders 1`] = `
<h1>
  imperial
</h1>
`;
