// Jest Snapshot v1, https://goo.gl/fbAQLP

exports[`LandscapeImage renders 1`] = `
<div>
  <div>
    <div>
      <img />
      <div>
        <div>
          <g
            fill="none"
            fillRule="evenodd"
            id="Page-1"
            stroke="none"
            strokeWidth="1"
          >
            <g
              className="icon-solid"
              id="Core"
              transform="translate(-215.000000, -257.000000)"
            >
              <g
                id="fullscreen"
                transform="translate(215.000000, 257.000000)"
              >
                <path
                  d="M2,9 L0,9 L0,14 L5,14 L5,12 L2,12 L2,9 L2,9 Z M0,5 L2,5 L2,2 L5,2 L5,0 L0,0 L0,5 L0,5 Z M12,12 L9,12 L9,14 L14,14 L14,9 L12,9 L12,12 L12,12 Z M9,0 L9,2 L12,2 L12,5 L14,5 L14,0 L9,0 L9,0 Z"
                  id="Shape"
                />
              </g>
            </g>
          </g>
        </div>
      </div>
    </div>
  </div>
  <p>
    this is a caption
  </p>
</div>
`;
