// Jest Snapshot v1, https://goo.gl/fbAQLP

exports[`Footer renders 1`] = `
.emotion-0 {
  display: -webkit-box;
  display: -webkit-flex;
  display: -ms-flexbox;
  display: flex;
  -webkit-box-flex-wrap: wrap;
  -webkit-flex-wrap: wrap;
  -ms-flex-wrap: wrap;
  flex-wrap: wrap;
  -webkit-align-items: center;
  -webkit-box-align: center;
  -ms-flex-align: center;
  align-items: center;
  font-family: bodyfont;
  padding: 20px;
  background-color: muted;
}

.emotion-1 {
  box-sizing: border-box;
  margin: 0;
  min-width: 0;
  display: grid;
  margin-bottom: 10px;
}

.emotion-2 {
  box-sizing: border-box;
  margin: 0;
  min-width: 0;
  font-size: 20px;
  font-weight: 700;
  font-size: 16px;
  margin-bottom: 10px;
  letter-spacing: 1px;
  text-transform: uppercase;
}

.emotion-3 {
  box-sizing: border-box;
  margin: 0;
  min-width: 0;
}

.emotion-4 {
  box-sizing: border-box;
  margin: 0;
  min-width: 0;
  -webkit-text-decoration: underline;
  text-decoration: underline;
  text-underline-offset: 2.5px;
  font-weight: 300;
  padding-right: 16px;
}

.emotion-5 {
  box-sizing: border-box;
  margin: 0;
  min-width: 0;
  -webkit-text-decoration: underline;
  text-decoration: underline;
  text-underline-offset: 2.5px;
  padding-right: 16px;
  font-weight: 300;
}

.emotion-7 {
  margin-left: auto;
  margin-right: auto;
}

.emotion-8 {
  padding: 0;
  font-family: bodyfont;
  font-weight: 300;
  bottom: 0;
  margin-top: auto;
  margin-bottom: 10px;
}

<footer
  className="emotion-0"
>
  <div
    className="emotion-1"
  >
    <div
      className="emotion-2"
    >
      Gatsby Default Starter
    </div>
    <div
      className="emotion-3"
    >
      <a
        className="emotion-4"
        href="http://instagram.com/instagramusername"
      >
        Instagram
      </a>
      <a
        className="emotion-5"
        href="http://github.com/githubusername"
      >
        Github
      </a>
      <a
        className="emotion-5"
        href="http://twitter.com/twitterusername"
      >
        Twitter
      </a>
    </div>
  </div>
  <div
    className="emotion-7"
  />
  <div
    className="emotion-8"
  >
    Â© 2023
  </div>
</footer>
`;
