// Jest Snapshot v1, https://goo.gl/fbAQLP

exports[`Modal renders 1`] = `
.emotion-0 {
  box-sizing: border-box;
  margin: 0;
  min-width: 0;
}

.emotion-1 {
  box-sizing: border-box;
  margin: 0;
  min-width: 0;
  background-color: background;
  margin: 0% auto;
  padding: 0px;
  width: 100%;
  max-width: 706px;
  overflow-y: scroll;
}

@media screen and (min-width: 40em) {
  .emotion-1 {
    margin: 5% auto;
  }
}

@media screen and (min-width: 52em) {
  .emotion-1 {
    margin: 5% auto;
  }
}

.emotion-2 {
  box-sizing: border-box;
  margin: 0;
  min-width: 0;
  display: -webkit-box;
  display: -webkit-flex;
  display: -ms-flexbox;
  display: flex;
  position: -webkit-sticky;
  position: sticky;
  top: 0px;
  background-color: background;
}

.emotion-3 {
  box-sizing: border-box;
  margin: 0;
  min-width: 0;
  padding: 20px;
}

.emotion-5 {
  box-sizing: border-box;
  margin: 0;
  min-width: 0;
  margin-left: auto;
  padding: 20px;
}

.emotion-6 {
  box-sizing: border-box;
  margin: 0;
  min-width: 0;
  -webkit-appearance: none;
  -moz-appearance: none;
  -ms-appearance: none;
  appearance: none;
  display: -webkit-inline-box;
  display: -webkit-inline-flex;
  display: -ms-inline-flexbox;
  display: inline-flex;
  -webkit-align-items: center;
  -webkit-box-align: center;
  -ms-flex-align: center;
  align-items: center;
  -webkit-box-pack: center;
  -ms-flex-pack: center;
  -webkit-justify-content: center;
  justify-content: center;
  padding: 4px;
  width: 32px;
  height: 32px;
  color: inherit;
  background-color: transparent;
  border: none;
  border-radius: 4px;
  margin-right: -8px;
  margin-left: auto;
  color: text;
  cursor: pointer;
}

.emotion-7 {
  box-sizing: border-box;
  margin: 0;
  min-width: 0;
  padding-left: 20px;
  padding-right: 20px;
}

<div
  className="emotion-0"
  onClick={[Function]}
  title="modalBackgroundContainer"
>
  <div
    className="emotion-1"
    onClick={[Function]}
  >
    <div
      className="emotion-2"
    >
      <div
        className="emotion-3"
      >
        <h2
          className="emotion-0"
        >
          hello world
        </h2>
      </div>
      <div
        className="emotion-5"
      >
        <button
          aria-label="Close"
          className="emotion-6"
          onClick={[Function]}
          title="Close"
        >
          <svg
            fill="currentColor"
            height="24"
            viewBox="0 0 24 24"
            width="24"
            xmlns="http://www.w3.org/2000/svg"
          >
            <path
              d="M19 6.41L17.59 5 12 10.59 6.41 5 5 6.41 10.59 12 5 17.59 6.41 19 12 13.41 17.59 19 19 17.59 13.41 12z"
            />
          </svg>
        </button>
      </div>
    </div>
    <div
      className="emotion-7"
    >
      <h1>
        tst
      </h1>
    </div>
  </div>
</div>
`;
